---
source: kyanite-core/src/pass/typecheck.rs
expression: pass.errors
---
- filename: test-cases/typecheck/records.kya
  heading: "no field `hello` on type `Person`"
  source: "        hello: \"world\""
  span:
    line: 22
    column: 9
    length: 5
  text: ""
- filename: test-cases/typecheck/records.kya
  heading: expected expression of type Person
  source: "    alaina = 5;"
  span:
    line: 25
    column: 14
    length: 1
  text: expression of type int
- filename: test-cases/typecheck/records.kya
  heading: expected expression of type bool
  source: "    alaina.foo.bar.baz = Bar:init(baz: false);"
  span:
    line: 28
    column: 26
    length: 20
  text: expression of type Bar
- filename: test-cases/typecheck/records.kya
  heading: expected initializer to be of type int
  source: "    let name: int = alaina.name;"
  span:
    line: 30
    column: 21
    length: 11
  text: expression of type str
- filename: test-cases/typecheck/records.kya
  heading: "no field `faavorite` on type `Person`"
  source: "    let favorite: int = alaina.faavorite;"
  span:
    line: 31
    column: 32
    length: 9
  text: ""
- filename: test-cases/typecheck/records.kya
  heading: "no field `barr` on type `Foo`"
  source: "    let bar: Bar = alaina.foo.barr;"
  span:
    line: 33
    column: 31
    length: 4
  text: ""
- filename: test-cases/typecheck/records.kya
  heading: "no field `baaz` on type `Bar`"
  source: "    let baz: Baz = alaina.foo.bar.baaz;"
  span:
    line: 34
    column: 35
    length: 4
  text: ""
- filename: test-cases/typecheck/records.kya
  heading: expected initializer to be of type Baz
  source: "    let baz: Baz = alaina.foo.bar;"
  span:
    line: 37
    column: 20
    length: 14
  text: expression of type Bar
- filename: test-cases/typecheck/records.kya
  heading: expected initializer to be of type Baz
  source: "    let baz: Baz = alaina.foo.bar.baz;"
  span:
    line: 38
    column: 20
    length: 18
  text: expression of type bool
- filename: test-cases/typecheck/records.kya
  heading: "`foo` is not defined"
  source: "    foo.baz;"
  span:
    line: 40
    column: 5
    length: 3
  text: ""

