---
source: kyanite-cli/tests/mod.rs
expression: "String::from_utf8(output).unwrap().lines().last().unwrap()"
---
Hello, world!
